Archive member included because of file (symbol)

c:/cygwin/cygwin/opt/msp430/bin/../lib/gcc/msp430/4.6.3/mcpu-430x/mmpy-16\libcrt0.a(_reset_vector__.o)
                              c:/cygwin/cygwin/opt/msp430/bin/../lib/gcc/msp430/4.6.3/mcpu-430x/mmpy-16/crt0ivtbl64.o (_reset_vector__)
c:/cygwin/cygwin/opt/msp430/bin/../lib/gcc/msp430/4.6.3/mcpu-430x/mmpy-16\libcrt0.a(__watchdog_support.o)
                              c:/cygwin/cygwin/opt/msp430/bin/../lib/gcc/msp430/4.6.3/mcpu-430x/mmpy-16\libcrt0.a(_reset_vector__.o) (__watchdog_support)
c:/cygwin/cygwin/opt/msp430/bin/../lib/gcc/msp430/4.6.3/mcpu-430x/mmpy-16\libcrt0.a(__init_stack.o)
                              c:/cygwin/cygwin/opt/msp430/bin/../lib/gcc/msp430/4.6.3/mcpu-430x/mmpy-16\libcrt0.a(_reset_vector__.o) (__init_stack)
c:/cygwin/cygwin/opt/msp430/bin/../lib/gcc/msp430/4.6.3/mcpu-430x/mmpy-16\libcrt0.a(__low_level_init.o)
                              c:/cygwin/cygwin/opt/msp430/bin/../lib/gcc/msp430/4.6.3/mcpu-430x/mmpy-16\libcrt0.a(_reset_vector__.o) (__low_level_init)
c:/cygwin/cygwin/opt/msp430/bin/../lib/gcc/msp430/4.6.3/mcpu-430x/mmpy-16\libcrt0.a(_copy_data.o)
                              c:/cygwin/cygwin/opt/msp430/bin/../lib/gcc/msp430/4.6.3/mcpu-430x/mmpy-16\libcrt0.a(_reset_vector__.o) (__do_copy_data)
c:/cygwin/cygwin/opt/msp430/bin/../lib/gcc/msp430/4.6.3/mcpu-430x/mmpy-16\libcrt0.a(_clear_bss.o)
                              c:/cygwin/cygwin/opt/msp430/bin/../lib/gcc/msp430/4.6.3/mcpu-430x/mmpy-16\libcrt0.a(_reset_vector__.o) (__do_clear_bss)
c:/cygwin/cygwin/opt/msp430/bin/../lib/gcc/msp430/4.6.3/mcpu-430x/mmpy-16\libcrt0.a(__stop_progExec__.o)
                              c:/cygwin/cygwin/opt/msp430/bin/../lib/gcc/msp430/4.6.3/mcpu-430x/mmpy-16\libcrt0.a(_reset_vector__.o) (__stop_progExec__)
c:/cygwin/cygwin/opt/msp430/bin/../lib/gcc/msp430/4.6.3/mcpu-430x/mmpy-16\libcrt0.a(_endless_loop__.o)
                              c:/cygwin/cygwin/opt/msp430/bin/../lib/gcc/msp430/4.6.3/mcpu-430x/mmpy-16\libcrt0.a(_reset_vector__.o) (_endless_loop__)
c:/cygwin/cygwin/opt/msp430/bin/../lib/gcc/msp430/4.6.3/mcpu-430x/mmpy-16\libcrt0.a(_unexpected_.o)
                              c:/cygwin/cygwin/opt/msp430/bin/../lib/gcc/msp430/4.6.3/mcpu-430x/mmpy-16/crt0ivtbl64.o (_unexpected_)

Memory Configuration

Name             Origin             Length             Attributes
sfr              0x00000000         0x00000010
peripheral_8bit  0x00000010         0x000000f0
peripheral_16bit 0x00000100         0x00000100
bsl              0x00001000         0x00000800
infomem          0x00001800         0x00000200
infod            0x00001800         0x00000080
infoc            0x00001880         0x00000080
infob            0x00001900         0x00000080
infoa            0x00001980         0x00000080
ram              0x00001c00         0x00000800         xw
rom              0x00004400         0x0000bb80         xr
vectors          0x0000ff80         0x00000080
far_rom          0x00010000         0x00004000
ram2             0x00000000         0x00000000         xw
ram_mirror       0x00000000         0x00000000         xw
usbram           0x00000000         0x00000000         xw
*default*        0x00000000         0xffffffff

Linker script and memory map

LOAD c:/cygwin/cygwin/opt/msp430/bin/../lib/gcc/msp430/4.6.3/mcpu-430x/mmpy-16/crt0ivtbl64.o
LOAD main.o
LOAD c:/cygwin/cygwin/opt/msp430/bin/../lib/gcc/msp430/4.6.3/mcpu-430x/mmpy-16\libgcc.a
LOAD c:/cygwin/cygwin/opt/msp430/bin/../lib/gcc/msp430/4.6.3/../../../../msp430/lib/mcpu-430x/mmpy-16\libc.a
LOAD c:/cygwin/cygwin/opt/msp430/bin/../lib/gcc/msp430/4.6.3/mcpu-430x/mmpy-16\libgcc.a
LOAD c:/cygwin/cygwin/opt/msp430/bin/../lib/gcc/msp430/4.6.3/mcpu-430x/mmpy-16\libcrt0.a
                0x00000080                PROVIDE (__info_segment_size, 0x80)
                0x00001800                PROVIDE (__infod, 0x1800)
                0x00001880                PROVIDE (__infoc, 0x1880)
                0x00001900                PROVIDE (__infob, 0x1900)
                0x00001980                PROVIDE (__infoa, 0x1980)
                0x00000800                __ADC12CTL0_L = 0x800
                0x00000801                __ADC12CTL0_H = 0x801
                0x00000800                __ADC12CTL0 = 0x800
                0x00000802                __ADC12CTL1_L = 0x802
                0x00000803                __ADC12CTL1_H = 0x803
                0x00000802                __ADC12CTL1 = 0x802
                0x00000804                __ADC12CTL2_L = 0x804
                0x00000805                __ADC12CTL2_H = 0x805
                0x00000804                __ADC12CTL2 = 0x804
                0x00000806                __ADC12CTL3_L = 0x806
                0x00000807                __ADC12CTL3_H = 0x807
                0x00000806                __ADC12CTL3 = 0x806
                0x00000808                __ADC12LO_L = 0x808
                0x00000809                __ADC12LO_H = 0x809
                0x00000808                __ADC12LO = 0x808
                0x0000080a                __ADC12HI_L = 0x80a
                0x0000080b                __ADC12HI_H = 0x80b
                0x0000080a                __ADC12HI = 0x80a
                0x0000080c                __ADC12IFGR0_L = 0x80c
                0x0000080d                __ADC12IFGR0_H = 0x80d
                0x0000080c                __ADC12IFGR0 = 0x80c
                0x0000080e                __ADC12IFGR1_L = 0x80e
                0x0000080f                __ADC12IFGR1_H = 0x80f
                0x0000080e                __ADC12IFGR1 = 0x80e
                0x00000810                __ADC12IFGR2_L = 0x810
                0x00000811                __ADC12IFGR2_H = 0x811
                0x00000810                __ADC12IFGR2 = 0x810
                0x00000812                __ADC12IER0_L = 0x812
                0x00000813                __ADC12IER0_H = 0x813
                0x00000812                __ADC12IER0 = 0x812
                0x00000814                __ADC12IER1_L = 0x814
                0x00000815                __ADC12IER1_H = 0x815
                0x00000814                __ADC12IER1 = 0x814
                0x00000816                __ADC12IER2_L = 0x816
                0x00000817                __ADC12IER2_H = 0x817
                0x00000816                __ADC12IER2 = 0x816
                0x00000818                __ADC12IV_L = 0x818
                0x00000819                __ADC12IV_H = 0x819
                0x00000818                __ADC12IV = 0x818
                0x00000820                __ADC12MCTL0_L = 0x820
                0x00000821                __ADC12MCTL0_H = 0x821
                0x00000820                __ADC12MCTL0 = 0x820
                0x00000822                __ADC12MCTL1_L = 0x822
                0x00000823                __ADC12MCTL1_H = 0x823
                0x00000822                __ADC12MCTL1 = 0x822
                0x00000824                __ADC12MCTL2_L = 0x824
                0x00000825                __ADC12MCTL2_H = 0x825
                0x00000824                __ADC12MCTL2 = 0x824
                0x00000826                __ADC12MCTL3_L = 0x826
                0x00000827                __ADC12MCTL3_H = 0x827
                0x00000826                __ADC12MCTL3 = 0x826
                0x00000828                __ADC12MCTL4_L = 0x828
                0x00000829                __ADC12MCTL4_H = 0x829
                0x00000828                __ADC12MCTL4 = 0x828
                0x0000082a                __ADC12MCTL5_L = 0x82a
                0x0000082b                __ADC12MCTL5_H = 0x82b
                0x0000082a                __ADC12MCTL5 = 0x82a
                0x0000082c                __ADC12MCTL6_L = 0x82c
                0x0000082d                __ADC12MCTL6_H = 0x82d
                0x0000082c                __ADC12MCTL6 = 0x82c
                0x0000082e                __ADC12MCTL7_L = 0x82e
                0x0000082f                __ADC12MCTL7_H = 0x82f
                0x0000082e                __ADC12MCTL7 = 0x82e
                0x00000830                __ADC12MCTL8_L = 0x830
                0x00000831                __ADC12MCTL8_H = 0x831
                0x00000830                __ADC12MCTL8 = 0x830
                0x00000832                __ADC12MCTL9_L = 0x832
                0x00000833                __ADC12MCTL9_H = 0x833
                0x00000832                __ADC12MCTL9 = 0x832
                0x00000834                __ADC12MCTL10_L = 0x834
                0x00000835                __ADC12MCTL10_H = 0x835
                0x00000834                __ADC12MCTL10 = 0x834
                0x00000836                __ADC12MCTL11_L = 0x836
                0x00000837                __ADC12MCTL11_H = 0x837
                0x00000836                __ADC12MCTL11 = 0x836
                0x00000838                __ADC12MCTL12_L = 0x838
                0x00000839                __ADC12MCTL12_H = 0x839
                0x00000838                __ADC12MCTL12 = 0x838
                0x0000083a                __ADC12MCTL13_L = 0x83a
                0x0000083b                __ADC12MCTL13_H = 0x83b
                0x0000083a                __ADC12MCTL13 = 0x83a
                0x0000083c                __ADC12MCTL14_L = 0x83c
                0x0000083d                __ADC12MCTL14_H = 0x83d
                0x0000083c                __ADC12MCTL14 = 0x83c
                0x0000083e                __ADC12MCTL15_L = 0x83e
                0x0000083f                __ADC12MCTL15_H = 0x83f
                0x0000083e                __ADC12MCTL15 = 0x83e
                0x00000840                __ADC12MCTL16_L = 0x840
                0x00000841                __ADC12MCTL16_H = 0x841
                0x00000840                __ADC12MCTL16 = 0x840
                0x00000842                __ADC12MCTL17_L = 0x842
                0x00000843                __ADC12MCTL17_H = 0x843
                0x00000842                __ADC12MCTL17 = 0x842
                0x00000844                __ADC12MCTL18_L = 0x844
                0x00000845                __ADC12MCTL18_H = 0x845
                0x00000844                __ADC12MCTL18 = 0x844
                0x00000846                __ADC12MCTL19_L = 0x846
                0x00000847                __ADC12MCTL19_H = 0x847
                0x00000846                __ADC12MCTL19 = 0x846
                0x00000848                __ADC12MCTL20_L = 0x848
                0x00000849                __ADC12MCTL20_H = 0x849
                0x00000848                __ADC12MCTL20 = 0x848
                0x0000084a                __ADC12MCTL21_L = 0x84a
                0x0000084b                __ADC12MCTL21_H = 0x84b
                0x0000084a                __ADC12MCTL21 = 0x84a
                0x0000084c                __ADC12MCTL22_L = 0x84c
                0x0000084d                __ADC12MCTL22_H = 0x84d
                0x0000084c                __ADC12MCTL22 = 0x84c
                0x0000084e                __ADC12MCTL23_L = 0x84e
                0x0000084f                __ADC12MCTL23_H = 0x84f
                0x0000084e                __ADC12MCTL23 = 0x84e
                0x00000850                __ADC12MCTL24_L = 0x850
                0x00000851                __ADC12MCTL24_H = 0x851
                0x00000850                __ADC12MCTL24 = 0x850
                0x00000852                __ADC12MCTL25_L = 0x852
                0x00000853                __ADC12MCTL25_H = 0x853
                0x00000852                __ADC12MCTL25 = 0x852
                0x00000854                __ADC12MCTL26_L = 0x854
                0x00000855                __ADC12MCTL26_H = 0x855
                0x00000854                __ADC12MCTL26 = 0x854
                0x00000856                __ADC12MCTL27_L = 0x856
                0x00000857                __ADC12MCTL27_H = 0x857
                0x00000856                __ADC12MCTL27 = 0x856
                0x00000858                __ADC12MCTL28_L = 0x858
                0x00000859                __ADC12MCTL28_H = 0x859
                0x00000858                __ADC12MCTL28 = 0x858
                0x0000085a                __ADC12MCTL29_L = 0x85a
                0x0000085b                __ADC12MCTL29_H = 0x85b
                0x0000085a                __ADC12MCTL29 = 0x85a
                0x0000085c                __ADC12MCTL30_L = 0x85c
                0x0000085d                __ADC12MCTL30_H = 0x85d
                0x0000085c                __ADC12MCTL30 = 0x85c
                0x0000085e                __ADC12MCTL31_L = 0x85e
                0x0000085f                __ADC12MCTL31_H = 0x85f
                0x0000085e                __ADC12MCTL31 = 0x85e
                0x00000860                __ADC12MEM0_L = 0x860
                0x00000861                __ADC12MEM0_H = 0x861
                0x00000860                __ADC12MEM0 = 0x860
                0x00000862                __ADC12MEM1_L = 0x862
                0x00000863                __ADC12MEM1_H = 0x863
                0x00000862                __ADC12MEM1 = 0x862
                0x00000864                __ADC12MEM2_L = 0x864
                0x00000865                __ADC12MEM2_H = 0x865
                0x00000864                __ADC12MEM2 = 0x864
                0x00000866                __ADC12MEM3_L = 0x866
                0x00000867                __ADC12MEM3_H = 0x867
                0x00000866                __ADC12MEM3 = 0x866
                0x00000868                __ADC12MEM4_L = 0x868
                0x00000869                __ADC12MEM4_H = 0x869
                0x00000868                __ADC12MEM4 = 0x868
                0x0000086a                __ADC12MEM5_L = 0x86a
                0x0000086b                __ADC12MEM5_H = 0x86b
                0x0000086a                __ADC12MEM5 = 0x86a
                0x0000086c                __ADC12MEM6_L = 0x86c
                0x0000086d                __ADC12MEM6_H = 0x86d
                0x0000086c                __ADC12MEM6 = 0x86c
                0x0000086e                __ADC12MEM7_L = 0x86e
                0x0000086f                __ADC12MEM7_H = 0x86f
                0x0000086e                __ADC12MEM7 = 0x86e
                0x00000870                __ADC12MEM8_L = 0x870
                0x00000871                __ADC12MEM8_H = 0x871
                0x00000870                __ADC12MEM8 = 0x870
                0x00000872                __ADC12MEM9_L = 0x872
                0x00000873                __ADC12MEM9_H = 0x873
                0x00000872                __ADC12MEM9 = 0x872
                0x00000874                __ADC12MEM10_L = 0x874
                0x00000875                __ADC12MEM10_H = 0x875
                0x00000874                __ADC12MEM10 = 0x874
                0x00000876                __ADC12MEM11_L = 0x876
                0x00000877                __ADC12MEM11_H = 0x877
                0x00000876                __ADC12MEM11 = 0x876
                0x00000878                __ADC12MEM12_L = 0x878
                0x00000879                __ADC12MEM12_H = 0x879
                0x00000878                __ADC12MEM12 = 0x878
                0x0000087a                __ADC12MEM13_L = 0x87a
                0x0000087b                __ADC12MEM13_H = 0x87b
                0x0000087a                __ADC12MEM13 = 0x87a
                0x0000087c                __ADC12MEM14_L = 0x87c
                0x0000087d                __ADC12MEM14_H = 0x87d
                0x0000087c                __ADC12MEM14 = 0x87c
                0x0000087e                __ADC12MEM15_L = 0x87e
                0x0000087f                __ADC12MEM15_H = 0x87f
                0x0000087e                __ADC12MEM15 = 0x87e
                0x00000880                __ADC12MEM16_L = 0x880
                0x00000881                __ADC12MEM16_H = 0x881
                0x00000880                __ADC12MEM16 = 0x880
                0x00000882                __ADC12MEM17_L = 0x882
                0x00000883                __ADC12MEM17_H = 0x883
                0x00000882                __ADC12MEM17 = 0x882
                0x00000884                __ADC12MEM18_L = 0x884
                0x00000885                __ADC12MEM18_H = 0x885
                0x00000884                __ADC12MEM18 = 0x884
                0x00000886                __ADC12MEM19_L = 0x886
                0x00000887                __ADC12MEM19_H = 0x887
                0x00000886                __ADC12MEM19 = 0x886
                0x00000888                __ADC12MEM20_L = 0x888
                0x00000889                __ADC12MEM20_H = 0x889
                0x00000888                __ADC12MEM20 = 0x888
                0x0000088a                __ADC12MEM21_L = 0x88a
                0x0000088b                __ADC12MEM21_H = 0x88b
                0x0000088a                __ADC12MEM21 = 0x88a
                0x0000088c                __ADC12MEM22_L = 0x88c
                0x0000088d                __ADC12MEM22_H = 0x88d
                0x0000088c                __ADC12MEM22 = 0x88c
                0x0000088e                __ADC12MEM23_L = 0x88e
                0x0000088f                __ADC12MEM23_H = 0x88f
                0x0000088e                __ADC12MEM23 = 0x88e
                0x00000890                __ADC12MEM24_L = 0x890
                0x00000891                __ADC12MEM24_H = 0x891
                0x00000890                __ADC12MEM24 = 0x890
                0x00000892                __ADC12MEM25_L = 0x892
                0x00000893                __ADC12MEM25_H = 0x893
                0x00000892                __ADC12MEM25 = 0x892
                0x00000894                __ADC12MEM26_L = 0x894
                0x00000895                __ADC12MEM26_H = 0x895
                0x00000894                __ADC12MEM26 = 0x894
                0x00000896                __ADC12MEM27_L = 0x896
                0x00000897                __ADC12MEM27_H = 0x897
                0x00000896                __ADC12MEM27 = 0x896
                0x00000898                __ADC12MEM28_L = 0x898
                0x00000899                __ADC12MEM28_H = 0x899
                0x00000898                __ADC12MEM28 = 0x898
                0x0000089a                __ADC12MEM29_L = 0x89a
                0x0000089b                __ADC12MEM29_H = 0x89b
                0x0000089a                __ADC12MEM29 = 0x89a
                0x0000089c                __ADC12MEM30_L = 0x89c
                0x0000089d                __ADC12MEM30_H = 0x89d
                0x0000089c                __ADC12MEM30 = 0x89c
                0x0000089e                __ADC12MEM31_L = 0x89e
                0x0000089f                __ADC12MEM31_H = 0x89f
                0x0000089e                __ADC12MEM31 = 0x89e
                0x000009c0                __AESACTL0_L = 0x9c0
                0x000009c1                __AESACTL0_H = 0x9c1
                0x000009c0                __AESACTL0 = 0x9c0
                0x000009c2                __AESACTL1_L = 0x9c2
                0x000009c3                __AESACTL1_H = 0x9c3
                0x000009c2                __AESACTL1 = 0x9c2
                0x000009c4                __AESASTAT_L = 0x9c4
                0x000009c5                __AESASTAT_H = 0x9c5
                0x000009c4                __AESASTAT = 0x9c4
                0x000009c6                __AESAKEY_L = 0x9c6
                0x000009c7                __AESAKEY_H = 0x9c7
                0x000009c6                __AESAKEY = 0x9c6
                0x000009c8                __AESADIN_L = 0x9c8
                0x000009c9                __AESADIN_H = 0x9c9
                0x000009c8                __AESADIN = 0x9c8
                0x000009ca                __AESADOUT_L = 0x9ca
                0x000009cb                __AESADOUT_H = 0x9cb
                0x000009ca                __AESADOUT = 0x9ca
                0x000009cc                __AESAXDIN_L = 0x9cc
                0x000009cd                __AESAXDIN_H = 0x9cd
                0x000009cc                __AESAXDIN = 0x9cc
                0x000009ce                __AESAXIN_L = 0x9ce
                0x000009cf                __AESAXIN_H = 0x9cf
                0x000009ce                __AESAXIN = 0x9ce
                0x0000043e                __CAPSIO0CTL_L = 0x43e
                0x0000043f                __CAPSIO0CTL_H = 0x43f
                0x0000043e                __CAPSIO0CTL = 0x43e
                0x0000047e                __CAPSIO1CTL_L = 0x47e
                0x0000047f                __CAPSIO1CTL_H = 0x47f
                0x0000047e                __CAPSIO1CTL = 0x47e
                0x000008c0                __CBCTL0_L = 0x8c0
                0x000008c1                __CBCTL0_H = 0x8c1
                0x000008c0                __CBCTL0 = 0x8c0
                0x000008c2                __CBCTL1_L = 0x8c2
                0x000008c3                __CBCTL1_H = 0x8c3
                0x000008c2                __CBCTL1 = 0x8c2
                0x000008c4                __CBCTL2_L = 0x8c4
                0x000008c5                __CBCTL2_H = 0x8c5
                0x000008c4                __CBCTL2 = 0x8c4
                0x000008c6                __CBCTL3_L = 0x8c6
                0x000008c7                __CBCTL3_H = 0x8c7
                0x000008c6                __CBCTL3 = 0x8c6
                0x000008cc                __CBINT_L = 0x8cc
                0x000008cd                __CBINT_H = 0x8cd
                0x000008cc                __CBINT = 0x8cc
                0x000008ce                __CBIV = 0x8ce
                0x00000150                __CRCDI_L = 0x150
                0x00000151                __CRCDI_H = 0x151
                0x00000150                __CRCDI = 0x150
                0x00000152                __CRCDIRB_L = 0x152
                0x00000153                __CRCDIRB_H = 0x153
                0x00000152                __CRCDIRB = 0x152
                0x00000154                __CRCINIRES_L = 0x154
                0x00000155                __CRCINIRES_H = 0x155
                0x00000154                __CRCINIRES = 0x154
                0x00000156                __CRCRESR_L = 0x156
                0x00000157                __CRCRESR_H = 0x157
                0x00000156                __CRCRESR = 0x156
                0x00000160                __CSCTL0_L = 0x160
                0x00000161                __CSCTL0_H = 0x161
                0x00000160                __CSCTL0 = 0x160
                0x00000162                __CSCTL1_L = 0x162
                0x00000163                __CSCTL1_H = 0x163
                0x00000162                __CSCTL1 = 0x162
                0x00000164                __CSCTL2_L = 0x164
                0x00000165                __CSCTL2_H = 0x165
                0x00000164                __CSCTL2 = 0x164
                0x00000166                __CSCTL3_L = 0x166
                0x00000167                __CSCTL3_H = 0x167
                0x00000166                __CSCTL3 = 0x166
                0x00000168                __CSCTL4_L = 0x168
                0x00000169                __CSCTL4_H = 0x169
                0x00000168                __CSCTL4 = 0x168
                0x0000016a                __CSCTL5_L = 0x16a
                0x0000016b                __CSCTL5_H = 0x16b
                0x0000016a                __CSCTL5 = 0x16a
                0x0000016c                __CSCTL6_L = 0x16c
                0x0000016d                __CSCTL6_H = 0x16d
                0x0000016c                __CSCTL6 = 0x16c
                0x00000500                __DMACTL0_L = 0x500
                0x00000501                __DMACTL0_H = 0x501
                0x00000500                __DMACTL0 = 0x500
                0x00000502                __DMACTL1_L = 0x502
                0x00000503                __DMACTL1_H = 0x503
                0x00000502                __DMACTL1 = 0x502
                0x00000504                __DMACTL2_L = 0x504
                0x00000505                __DMACTL2_H = 0x505
                0x00000504                __DMACTL2 = 0x504
                0x00000506                __DMACTL3_L = 0x506
                0x00000507                __DMACTL3_H = 0x507
                0x00000506                __DMACTL3 = 0x506
                0x00000508                __DMACTL4_L = 0x508
                0x00000509                __DMACTL4_H = 0x509
                0x00000508                __DMACTL4 = 0x508
                0x0000050e                __DMAIV_L = 0x50e
                0x0000050f                __DMAIV_H = 0x50f
                0x0000050e                __DMAIV = 0x50e
                0x00000510                __DMA0CTL_L = 0x510
                0x00000511                __DMA0CTL_H = 0x511
                0x00000510                __DMA0CTL = 0x510
                0x00000512                __DMA0SA = 0x512
                0x00000516                __DMA0DA = 0x516
                0x0000051a                __DMA0SZ = 0x51a
                0x00000520                __DMA1CTL_L = 0x520
                0x00000521                __DMA1CTL_H = 0x521
                0x00000520                __DMA1CTL = 0x520
                0x00000522                __DMA1SA = 0x522
                0x00000526                __DMA1DA = 0x526
                0x0000052a                __DMA1SZ = 0x52a
                0x00000530                __DMA2CTL_L = 0x530
                0x00000531                __DMA2CTL_H = 0x531
                0x00000530                __DMA2CTL = 0x530
                0x00000532                __DMA2SA = 0x532
                0x00000536                __DMA2DA = 0x536
                0x0000053a                __DMA2SZ = 0x53a
                0x00000140                __FRCTL0_L = 0x140
                0x00000141                __FRCTL0_H = 0x141
                0x00000140                __FRCTL0 = 0x140
                0x00000144                __GCCTL0_L = 0x144
                0x00000145                __GCCTL0_H = 0x145
                0x00000144                __GCCTL0 = 0x144
                0x00000146                __GCCTL1_L = 0x146
                0x00000147                __GCCTL1_H = 0x147
                0x00000146                __GCCTL1 = 0x146
                0x000005a0                __MPUCTL0_L = 0x5a0
                0x000005a1                __MPUCTL0_H = 0x5a1
                0x000005a0                __MPUCTL0 = 0x5a0
                0x000005a2                __MPUCTL1_L = 0x5a2
                0x000005a3                __MPUCTL1_H = 0x5a3
                0x000005a2                __MPUCTL1 = 0x5a2
                0x000005a4                __MPUSEGB2_L = 0x5a4
                0x000005a5                __MPUSEGB2_H = 0x5a5
                0x000005a4                __MPUSEGB2 = 0x5a4
                0x000005a6                __MPUSEGB1_L = 0x5a6
                0x000005a7                __MPUSEGB1_H = 0x5a7
                0x000005a6                __MPUSEGB1 = 0x5a6
                0x000005a8                __MPUSAM_L = 0x5a8
                0x000005a9                __MPUSAM_H = 0x5a9
                0x000005a8                __MPUSAM = 0x5a8
                0x000005aa                __MPUIPC0_L = 0x5aa
                0x000005ab                __MPUIPC0_H = 0x5ab
                0x000005aa                __MPUIPC0 = 0x5aa
                0x000005ac                __MPUIPSEGB2_L = 0x5ac
                0x000005ad                __MPUIPSEGB2_H = 0x5ad
                0x000005ac                __MPUIPSEGB2 = 0x5ac
                0x000005ae                __MPUIPSEGB1_L = 0x5ae
                0x000005af                __MPUIPSEGB1_H = 0x5af
                0x000005ae                __MPUIPSEGB1 = 0x5ae
                0x000004c0                __MPY_L = 0x4c0
                0x000004c1                __MPY_H = 0x4c1
                0x000004c0                __MPY = 0x4c0
                0x000004c2                __MPYS_L = 0x4c2
                0x000004c3                __MPYS_H = 0x4c3
                0x000004c2                __MPYS = 0x4c2
                0x000004c4                __MAC_L = 0x4c4
                0x000004c5                __MAC_H = 0x4c5
                0x000004c4                __MAC = 0x4c4
                0x000004c6                __MACS_L = 0x4c6
                0x000004c7                __MACS_H = 0x4c7
                0x000004c6                __MACS = 0x4c6
                0x000004c8                __OP2_L = 0x4c8
                0x000004c9                __OP2_H = 0x4c9
                0x000004c8                __OP2 = 0x4c8
                0x000004ca                __RESLO_L = 0x4ca
                0x000004cb                __RESLO_H = 0x4cb
                0x000004ca                __RESLO = 0x4ca
                0x000004cc                __RESHI_L = 0x4cc
                0x000004cd                __RESHI_H = 0x4cd
                0x000004cc                __RESHI = 0x4cc
                0x000004ce                __SUMEXT_L = 0x4ce
                0x000004cf                __SUMEXT_H = 0x4cf
                0x000004ce                __SUMEXT = 0x4ce
                0x000004d0                __MPY32L_L = 0x4d0
                0x000004d1                __MPY32L_H = 0x4d1
                0x000004d0                __MPY32L = 0x4d0
                0x000004d2                __MPY32H_L = 0x4d2
                0x000004d3                __MPY32H_H = 0x4d3
                0x000004d2                __MPY32H = 0x4d2
                0x000004d4                __MPYS32L_L = 0x4d4
                0x000004d5                __MPYS32L_H = 0x4d5
                0x000004d4                __MPYS32L = 0x4d4
                0x000004d6                __MPYS32H_L = 0x4d6
                0x000004d7                __MPYS32H_H = 0x4d7
                0x000004d6                __MPYS32H = 0x4d6
                0x000004d8                __MAC32L_L = 0x4d8
                0x000004d9                __MAC32L_H = 0x4d9
                0x000004d8                __MAC32L = 0x4d8
                0x000004da                __MAC32H_L = 0x4da
                0x000004db                __MAC32H_H = 0x4db
                0x000004da                __MAC32H = 0x4da
                0x000004dc                __MACS32L_L = 0x4dc
                0x000004dd                __MACS32L_H = 0x4dd
                0x000004dc                __MACS32L = 0x4dc
                0x000004de                __MACS32H_L = 0x4de
                0x000004df                __MACS32H_H = 0x4df
                0x000004de                __MACS32H = 0x4de
                0x000004e0                __OP2L_L = 0x4e0
                0x000004e1                __OP2L_H = 0x4e1
                0x000004e0                __OP2L = 0x4e0
                0x000004e2                __OP2H_L = 0x4e2
                0x000004e3                __OP2H_H = 0x4e3
                0x000004e2                __OP2H = 0x4e2
                0x000004e4                __RES0_L = 0x4e4
                0x000004e5                __RES0_H = 0x4e5
                0x000004e4                __RES0 = 0x4e4
                0x000004e6                __RES1_L = 0x4e6
                0x000004e7                __RES1_H = 0x4e7
                0x000004e6                __RES1 = 0x4e6
                0x000004e8                __RES2_L = 0x4e8
                0x000004e9                __RES2_H = 0x4e9
                0x000004e8                __RES2 = 0x4e8
                0x000004ea                __RES3_L = 0x4ea
                0x000004eb                __RES3_H = 0x4eb
                0x000004ea                __RES3 = 0x4ea
                0x000004ec                __MPY32CTL0_L = 0x4ec
                0x000004ed                __MPY32CTL0_H = 0x4ed
                0x000004ec                __MPY32CTL0 = 0x4ec
                0x00000120                __PMMCTL0_L = 0x120
                0x00000121                __PMMCTL0_H = 0x121
                0x00000120                __PMMCTL0 = 0x120
                0x00000122                __PMMCTL1 = 0x122
                0x0000012a                __PMMIFG_L = 0x12a
                0x0000012b                __PMMIFG_H = 0x12b
                0x0000012a                __PMMIFG = 0x12a
                0x00000130                __PM5CTL0_L = 0x130
                0x00000131                __PM5CTL0_H = 0x131
                0x00000130                __PM5CTL0 = 0x130
                0x00000200                __PAIN_L = 0x200
                0x00000201                __PAIN_H = 0x201
                0x00000200                __PAIN = 0x200
                0x00000202                __PAOUT_L = 0x202
                0x00000203                __PAOUT_H = 0x203
                0x00000202                __PAOUT = 0x202
                0x00000204                __PADIR_L = 0x204
                0x00000205                __PADIR_H = 0x205
                0x00000204                __PADIR = 0x204
                0x00000206                __PAREN_L = 0x206
                0x00000207                __PAREN_H = 0x207
                0x00000206                __PAREN = 0x206
                0x00000208                __PADS_L = 0x208
                0x00000209                __PADS_H = 0x209
                0x00000208                __PADS = 0x208
                0x0000020a                __PASEL0_L = 0x20a
                0x0000020b                __PASEL0_H = 0x20b
                0x0000020a                __PASEL0 = 0x20a
                0x0000020c                __PASEL1_L = 0x20c
                0x0000020d                __PASEL1_H = 0x20d
                0x0000020c                __PASEL1 = 0x20c
                0x00000210                __PASELC_L = 0x210
                0x00000211                __PASELC_H = 0x211
                0x00000210                __PASELC = 0x210
                0x00000218                __PAIES_L = 0x218
                0x00000219                __PAIES_H = 0x219
                0x00000218                __PAIES = 0x218
                0x0000021a                __PAIE_L = 0x21a
                0x0000021b                __PAIE_H = 0x21b
                0x0000021a                __PAIE = 0x21a
                0x0000021c                __PAIFG_L = 0x21c
                0x0000021d                __PAIFG_H = 0x21d
                0x0000021c                __PAIFG = 0x21c
                0x0000020e                __P1IV = 0x20e
                0x0000021e                __P2IV = 0x21e
                0x00000220                __PBIN_L = 0x220
                0x00000221                __PBIN_H = 0x221
                0x00000220                __PBIN = 0x220
                0x00000222                __PBOUT_L = 0x222
                0x00000223                __PBOUT_H = 0x223
                0x00000222                __PBOUT = 0x222
                0x00000224                __PBDIR_L = 0x224
                0x00000225                __PBDIR_H = 0x225
                0x00000224                __PBDIR = 0x224
                0x00000226                __PBREN_L = 0x226
                0x00000227                __PBREN_H = 0x227
                0x00000226                __PBREN = 0x226
                0x00000228                __PBDS_L = 0x228
                0x00000229                __PBDS_H = 0x229
                0x00000228                __PBDS = 0x228
                0x0000022a                __PBSEL0_L = 0x22a
                0x0000022b                __PBSEL0_H = 0x22b
                0x0000022a                __PBSEL0 = 0x22a
                0x0000022c                __PBSEL1_L = 0x22c
                0x0000022d                __PBSEL1_H = 0x22d
                0x0000022c                __PBSEL1 = 0x22c
                0x00000230                __PBSELC_L = 0x230
                0x00000231                __PBSELC_H = 0x231
                0x00000230                __PBSELC = 0x230
                0x00000238                __PBIES_L = 0x238
                0x00000239                __PBIES_H = 0x239
                0x00000238                __PBIES = 0x238
                0x0000023a                __PBIE_L = 0x23a
                0x0000023b                __PBIE_H = 0x23b
                0x0000023a                __PBIE = 0x23a
                0x0000023c                __PBIFG_L = 0x23c
                0x0000023d                __PBIFG_H = 0x23d
                0x0000023c                __PBIFG = 0x23c
                0x0000022e                __P3IV = 0x22e
                0x0000023e                __P4IV = 0x23e
                0x00000320                __PJIN_L = 0x320
                0x00000321                __PJIN_H = 0x321
                0x00000320                __PJIN = 0x320
                0x00000322                __PJOUT_L = 0x322
                0x00000323                __PJOUT_H = 0x323
                0x00000322                __PJOUT = 0x322
                0x00000324                __PJDIR_L = 0x324
                0x00000325                __PJDIR_H = 0x325
                0x00000324                __PJDIR = 0x324
                0x00000326                __PJREN_L = 0x326
                0x00000327                __PJREN_H = 0x327
                0x00000326                __PJREN = 0x326
                0x00000328                __PJDS_L = 0x328
                0x00000329                __PJDS_H = 0x329
                0x00000328                __PJDS = 0x328
                0x0000032a                __PJSEL0_L = 0x32a
                0x0000032b                __PJSEL0_H = 0x32b
                0x0000032a                __PJSEL0 = 0x32a
                0x0000032c                __PJSEL1_L = 0x32c
                0x0000032d                __PJSEL1_H = 0x32d
                0x0000032c                __PJSEL1 = 0x32c
                0x00000330                __PJSELC_L = 0x330
                0x00000331                __PJSELC_H = 0x331
                0x00000330                __PJSELC = 0x330
                0x000001b0                __REFCTL0_L = 0x1b0
                0x000001b1                __REFCTL0_H = 0x1b1
                0x000001b0                __REFCTL0 = 0x1b0
                0x000004a0                __RTCCTL01_L = 0x4a0
                0x000004a1                __RTCCTL01_H = 0x4a1
                0x000004a0                __RTCCTL01 = 0x4a0
                0x000004a2                __RTCCTL23_L = 0x4a2
                0x000004a3                __RTCCTL23_H = 0x4a3
                0x000004a2                __RTCCTL23 = 0x4a2
                0x000004a8                __RTCPS0CTL_L = 0x4a8
                0x000004a9                __RTCPS0CTL_H = 0x4a9
                0x000004a8                __RTCPS0CTL = 0x4a8
                0x000004aa                __RTCPS1CTL_L = 0x4aa
                0x000004ab                __RTCPS1CTL_H = 0x4ab
                0x000004aa                __RTCPS1CTL = 0x4aa
                0x000004ac                __RTCPS_L = 0x4ac
                0x000004ad                __RTCPS_H = 0x4ad
                0x000004ac                __RTCPS = 0x4ac
                0x000004ae                __RTCIV = 0x4ae
                0x000004b0                __RTCTIM0_L = 0x4b0
                0x000004b1                __RTCTIM0_H = 0x4b1
                0x000004b0                __RTCTIM0 = 0x4b0
                0x000004b2                __RTCTIM1_L = 0x4b2
                0x000004b3                __RTCTIM1_H = 0x4b3
                0x000004b2                __RTCTIM1 = 0x4b2
                0x000004b4                __RTCDATE_L = 0x4b4
                0x000004b5                __RTCDATE_H = 0x4b5
                0x000004b4                __RTCDATE = 0x4b4
                0x000004b6                __RTCYEAR_L = 0x4b6
                0x000004b7                __RTCYEAR_H = 0x4b7
                0x000004b6                __RTCYEAR = 0x4b6
                0x000004b8                __RTCAMINHR_L = 0x4b8
                0x000004b9                __RTCAMINHR_H = 0x4b9
                0x000004b8                __RTCAMINHR = 0x4b8
                0x000004ba                __RTCADOWDAY_L = 0x4ba
                0x000004bb                __RTCADOWDAY_H = 0x4bb
                0x000004ba                __RTCADOWDAY = 0x4ba
                0x000004bc                __BIN2BCD = 0x4bc
                0x000004be                __BCD2BIN = 0x4be
                0x00000100                __SFRIE1_L = 0x100
                0x00000101                __SFRIE1_H = 0x101
                0x00000100                __SFRIE1 = 0x100
                0x00000102                __SFRIFG1_L = 0x102
                0x00000103                __SFRIFG1_H = 0x103
                0x00000102                __SFRIFG1 = 0x102
                0x00000104                __SFRRPCR_L = 0x104
                0x00000105                __SFRRPCR_H = 0x105
                0x00000104                __SFRRPCR = 0x104
                0x00000180                __SYSCTL_L = 0x180
                0x00000181                __SYSCTL_H = 0x181
                0x00000180                __SYSCTL = 0x180
                0x00000182                __SYSBSLC_L = 0x182
                0x00000183                __SYSBSLC_H = 0x183
                0x00000182                __SYSBSLC = 0x182
                0x00000186                __SYSJMBC_L = 0x186
                0x00000187                __SYSJMBC_H = 0x187
                0x00000186                __SYSJMBC = 0x186
                0x00000188                __SYSJMBI0_L = 0x188
                0x00000189                __SYSJMBI0_H = 0x189
                0x00000188                __SYSJMBI0 = 0x188
                0x0000018a                __SYSJMBI1_L = 0x18a
                0x0000018b                __SYSJMBI1_H = 0x18b
                0x0000018a                __SYSJMBI1 = 0x18a
                0x0000018c                __SYSJMBO0_L = 0x18c
                0x0000018d                __SYSJMBO0_H = 0x18d
                0x0000018c                __SYSJMBO0 = 0x18c
                0x0000018e                __SYSJMBO1_L = 0x18e
                0x0000018f                __SYSJMBO1_H = 0x18f
                0x0000018e                __SYSJMBO1 = 0x18e
                0x00000198                __SYSBERRIV_L = 0x198
                0x00000199                __SYSBERRIV_H = 0x199
                0x00000198                __SYSBERRIV = 0x198
                0x0000019a                __SYSUNIV_L = 0x19a
                0x0000019b                __SYSUNIV_H = 0x19b
                0x0000019a                __SYSUNIV = 0x19a
                0x0000019c                __SYSSNIV_L = 0x19c
                0x0000019d                __SYSSNIV_H = 0x19d
                0x0000019c                __SYSSNIV = 0x19c
                0x0000019e                __SYSRSTIV_L = 0x19e
                0x0000019f                __SYSRSTIV_H = 0x19f
                0x0000019e                __SYSRSTIV = 0x19e
                0x00000340                __TA0CTL = 0x340
                0x00000342                __TA0CCTL0 = 0x342
                0x00000344                __TA0CCTL1 = 0x344
                0x00000346                __TA0CCTL2 = 0x346
                0x00000350                __TA0R = 0x350
                0x00000352                __TA0CCR0 = 0x352
                0x00000354                __TA0CCR1 = 0x354
                0x00000356                __TA0CCR2 = 0x356
                0x0000036e                __TA0IV = 0x36e
                0x00000360                __TA0EX0 = 0x360
                0x00000380                __TA1CTL = 0x380
                0x00000382                __TA1CCTL0 = 0x382
                0x00000384                __TA1CCTL1 = 0x384
                0x00000386                __TA1CCTL2 = 0x386
                0x00000390                __TA1R = 0x390
                0x00000392                __TA1CCR0 = 0x392
                0x00000394                __TA1CCR1 = 0x394
                0x00000396                __TA1CCR2 = 0x396
                0x000003ae                __TA1IV = 0x3ae
                0x000003a0                __TA1EX0 = 0x3a0
                0x00000400                __TA2CTL = 0x400
                0x00000402                __TA2CCTL0 = 0x402
                0x00000404                __TA2CCTL1 = 0x404
                0x00000410                __TA2R = 0x410
                0x00000412                __TA2CCR0 = 0x412
                0x00000414                __TA2CCR1 = 0x414
                0x0000042e                __TA2IV = 0x42e
                0x00000420                __TA2EX0 = 0x420
                0x00000440                __TA3CTL = 0x440
                0x00000442                __TA3CCTL0 = 0x442
                0x00000444                __TA3CCTL1 = 0x444
                0x00000450                __TA3R = 0x450
                0x00000452                __TA3CCR0 = 0x452
                0x00000454                __TA3CCR1 = 0x454
                0x0000046e                __TA3IV = 0x46e
                0x00000460                __TA3EX0 = 0x460
                0x000003c0                __TB0CTL = 0x3c0
                0x000003c2                __TB0CCTL0 = 0x3c2
                0x000003c4                __TB0CCTL1 = 0x3c4
                0x000003c6                __TB0CCTL2 = 0x3c6
                0x000003c8                __TB0CCTL3 = 0x3c8
                0x000003ca                __TB0CCTL4 = 0x3ca
                0x000003cc                __TB0CCTL5 = 0x3cc
                0x000003ce                __TB0CCTL6 = 0x3ce
                0x000003d0                __TB0R = 0x3d0
                0x000003d2                __TB0CCR0 = 0x3d2
                0x000003d4                __TB0CCR1 = 0x3d4
                0x000003d6                __TB0CCR2 = 0x3d6
                0x000003d8                __TB0CCR3 = 0x3d8
                0x000003da                __TB0CCR4 = 0x3da
                0x000003dc                __TB0CCR5 = 0x3dc
                0x000003de                __TB0CCR6 = 0x3de
                0x000003e0                __TB0EX0 = 0x3e0
                0x000003ee                __TB0IV = 0x3ee
                0x000005c0                __UCA0CTLW0_L = 0x5c0
                0x000005c1                __UCA0CTLW0_H = 0x5c1
                0x000005c0                __UCA0CTLW0 = 0x5c0
                0x000005c2                __UCA0CTLW1_L = 0x5c2
                0x000005c3                __UCA0CTLW1_H = 0x5c3
                0x000005c2                __UCA0CTLW1 = 0x5c2
                0x000005c6                __UCA0BRW_L = 0x5c6
                0x000005c7                __UCA0BRW_H = 0x5c7
                0x000005c6                __UCA0BRW = 0x5c6
                0x000005c8                __UCA0MCTLW_L = 0x5c8
                0x000005c9                __UCA0MCTLW_H = 0x5c9
                0x000005c8                __UCA0MCTLW = 0x5c8
                0x000005ca                __UCA0STATW = 0x5ca
                0x000005cc                __UCA0RXBUF_L = 0x5cc
                0x000005cd                __UCA0RXBUF_H = 0x5cd
                0x000005cc                __UCA0RXBUF = 0x5cc
                0x000005ce                __UCA0TXBUF_L = 0x5ce
                0x000005cf                __UCA0TXBUF_H = 0x5cf
                0x000005ce                __UCA0TXBUF = 0x5ce
                0x000005d0                __UCA0ABCTL = 0x5d0
                0x000005d2                __UCA0IRCTL_L = 0x5d2
                0x000005d3                __UCA0IRCTL_H = 0x5d3
                0x000005d2                __UCA0IRCTL = 0x5d2
                0x000005da                __UCA0IE_L = 0x5da
                0x000005db                __UCA0IE_H = 0x5db
                0x000005da                __UCA0IE = 0x5da
                0x000005dc                __UCA0IFG_L = 0x5dc
                0x000005dd                __UCA0IFG_H = 0x5dd
                0x000005dc                __UCA0IFG = 0x5dc
                0x000005de                __UCA0IV = 0x5de
                0x000005e0                __UCA1CTLW0_L = 0x5e0
                0x000005e1                __UCA1CTLW0_H = 0x5e1
                0x000005e0                __UCA1CTLW0 = 0x5e0
                0x000005e2                __UCA1CTLW1_L = 0x5e2
                0x000005e3                __UCA1CTLW1_H = 0x5e3
                0x000005e2                __UCA1CTLW1 = 0x5e2
                0x000005e6                __UCA1BRW_L = 0x5e6
                0x000005e7                __UCA1BRW_H = 0x5e7
                0x000005e6                __UCA1BRW = 0x5e6
                0x000005e8                __UCA1MCTLW_L = 0x5e8
                0x000005e9                __UCA1MCTLW_H = 0x5e9
                0x000005e8                __UCA1MCTLW = 0x5e8
                0x000005ea                __UCA1STATW = 0x5ea
                0x000005ec                __UCA1RXBUF_L = 0x5ec
                0x000005ed                __UCA1RXBUF_H = 0x5ed
                0x000005ec                __UCA1RXBUF = 0x5ec
                0x000005ee                __UCA1TXBUF_L = 0x5ee
                0x000005ef                __UCA1TXBUF_H = 0x5ef
                0x000005ee                __UCA1TXBUF = 0x5ee
                0x000005f0                __UCA1ABCTL = 0x5f0
                0x000005f2                __UCA1IRCTL_L = 0x5f2
                0x000005f3                __UCA1IRCTL_H = 0x5f3
                0x000005f2                __UCA1IRCTL = 0x5f2
                0x000005fa                __UCA1IE_L = 0x5fa
                0x000005fb                __UCA1IE_H = 0x5fb
                0x000005fa                __UCA1IE = 0x5fa
                0x000005fc                __UCA1IFG_L = 0x5fc
                0x000005fd                __UCA1IFG_H = 0x5fd
                0x000005fc                __UCA1IFG = 0x5fc
                0x000005fe                __UCA1IV = 0x5fe
                0x00000640                __UCB0CTLW0_L = 0x640
                0x00000641                __UCB0CTLW0_H = 0x641
                0x00000640                __UCB0CTLW0 = 0x640
                0x00000642                __UCB0CTLW1_L = 0x642
                0x00000643                __UCB0CTLW1_H = 0x643
                0x00000642                __UCB0CTLW1 = 0x642
                0x00000646                __UCB0BRW_L = 0x646
                0x00000647                __UCB0BRW_H = 0x647
                0x00000646                __UCB0BRW = 0x646
                0x00000648                __UCB0STATW_L = 0x648
                0x00000649                __UCB0STATW_H = 0x649
                0x00000648                __UCB0STATW = 0x648
                0x0000064a                __UCB0TBCNT_L = 0x64a
                0x0000064b                __UCB0TBCNT_H = 0x64b
                0x0000064a                __UCB0TBCNT = 0x64a
                0x0000064c                __UCB0RXBUF_L = 0x64c
                0x0000064d                __UCB0RXBUF_H = 0x64d
                0x0000064c                __UCB0RXBUF = 0x64c
                0x0000064e                __UCB0TXBUF_L = 0x64e
                0x0000064f                __UCB0TXBUF_H = 0x64f
                0x0000064e                __UCB0TXBUF = 0x64e
                0x00000654                __UCB0I2COA0_L = 0x654
                0x00000655                __UCB0I2COA0_H = 0x655
                0x00000654                __UCB0I2COA0 = 0x654
                0x00000656                __UCB0I2COA1_L = 0x656
                0x00000657                __UCB0I2COA1_H = 0x657
                0x00000656                __UCB0I2COA1 = 0x656
                0x00000658                __UCB0I2COA2_L = 0x658
                0x00000659                __UCB0I2COA2_H = 0x659
                0x00000658                __UCB0I2COA2 = 0x658
                0x0000065a                __UCB0I2COA3_L = 0x65a
                0x0000065b                __UCB0I2COA3_H = 0x65b
                0x0000065a                __UCB0I2COA3 = 0x65a
                0x0000065c                __UCB0ADDRX_L = 0x65c
                0x0000065d                __UCB0ADDRX_H = 0x65d
                0x0000065c                __UCB0ADDRX = 0x65c
                0x0000065e                __UCB0ADDMASK_L = 0x65e
                0x0000065f                __UCB0ADDMASK_H = 0x65f
                0x0000065e                __UCB0ADDMASK = 0x65e
                0x00000660                __UCB0I2CSA_L = 0x660
                0x00000661                __UCB0I2CSA_H = 0x661
                0x00000660                __UCB0I2CSA = 0x660
                0x0000066a                __UCB0IE_L = 0x66a
                0x0000066b                __UCB0IE_H = 0x66b
                0x0000066a                __UCB0IE = 0x66a
                0x0000066c                __UCB0IFG_L = 0x66c
                0x0000066d                __UCB0IFG_H = 0x66d
                0x0000066c                __UCB0IFG = 0x66c
                0x0000066e                __UCB0IV = 0x66e
                0x0000015c                __WDTCTL_L = 0x15c
                0x0000015d                __WDTCTL_H = 0x15d
                0x0000015c                __WDTCTL = 0x15c

.hash
 *(.hash)

.dynsym
 *(.dynsym)

.dynstr
 *(.dynstr)

.gnu.version
 *(.gnu.version)

.gnu.version_d
 *(.gnu.version_d)

.gnu.version_r
 *(.gnu.version_r)

.rel.init
 *(.rel.init)

.rela.init
 *(.rela.init)

.rel.fini
 *(.rel.fini)

.rela.fini
 *(.rela.fini)

.rel.text
 *(.rel.text .rel.text.* .rel.gnu.linkonce.t.*)

.rela.text
 *(.rela.text .rela.text.* .rela.gnu.linkonce.t.*)

.rel.rodata
 *(.rel.rodata .rel.rodata.* .rel.gnu.linkonce.r.*)

.rela.rodata
 *(.rela.rodata .rela.rodata.* .rela.gnu.linkonce.r.*)

.rel.data
 *(.rel.data .rel.data.* .rel.gnu.linkonce.d.*)

.rela.data
 *(.rela.data .rela.data.* .rela.gnu.linkonce.d.*)

.rel.bss
 *(.rel.bss .rel.bss.* .rel.gnu.linkonce.b.*)

.rela.bss
 *(.rela.bss .rela.bss.* .rela.gnu.linkonce.b.*)

.rel.ctors
 *(.rel.ctors)

.rela.ctors
 *(.rela.ctors)

.rel.dtors
 *(.rel.dtors)

.rela.dtors
 *(.rela.dtors)

.rel.got
 *(.rel.got)

.rela.got
 *(.rela.got)

.rel.plt
 *(.rel.plt)

.rela.plt
 *(.rela.plt)

.text           0x00004400      0x148
                0x00004400                . = ALIGN (0x2)
 *(.init .init.*)
 *(.init0)
 .init0         0x00004400        0x0 c:/cygwin/cygwin/opt/msp430/bin/../lib/gcc/msp430/4.6.3/mcpu-430x/mmpy-16\libcrt0.a(_reset_vector__.o)
                0x00004400                _reset_vector__
 *(.init1)
 .init1         0x00004400        0xc c:/cygwin/cygwin/opt/msp430/bin/../lib/gcc/msp430/4.6.3/mcpu-430x/mmpy-16\libcrt0.a(__watchdog_support.o)
                0x00004400                __watchdog_support
 *(.init2)
 .init2         0x0000440c        0x4 c:/cygwin/cygwin/opt/msp430/bin/../lib/gcc/msp430/4.6.3/mcpu-430x/mmpy-16\libcrt0.a(__init_stack.o)
                0x0000440c                __init_stack
 *(.init3)
 .init3         0x00004410        0x0 c:/cygwin/cygwin/opt/msp430/bin/../lib/gcc/msp430/4.6.3/mcpu-430x/mmpy-16\libcrt0.a(__low_level_init.o)
                0x00004410                __low_level_init
 *(.init4)
 .init4         0x00004410       0x18 c:/cygwin/cygwin/opt/msp430/bin/../lib/gcc/msp430/4.6.3/mcpu-430x/mmpy-16\libcrt0.a(_copy_data.o)
                0x00004410                __do_copy_data
 .init4         0x00004428       0x16 c:/cygwin/cygwin/opt/msp430/bin/../lib/gcc/msp430/4.6.3/mcpu-430x/mmpy-16\libcrt0.a(_clear_bss.o)
                0x00004428                __do_clear_bss
 *(.init5)
 *(.init6)
 *(.init7)
 *(.init8)
 *(.init9)
 .init9         0x0000443e       0x3c main.o
                0x0000443e                main
 *(.fini9)
 .fini9         0x0000447a        0x0 c:/cygwin/cygwin/opt/msp430/bin/../lib/gcc/msp430/4.6.3/mcpu-430x/mmpy-16\libcrt0.a(__stop_progExec__.o)
                0x0000447a                __stop_progExec__
 *(.fini8)
 *(.fini7)
 *(.fini6)
 *(.fini5)
 *(.fini4)
 *(.fini3)
 *(.fini2)
 *(.fini1)
 *(.fini0)
 .fini0         0x0000447a        0x6 c:/cygwin/cygwin/opt/msp430/bin/../lib/gcc/msp430/4.6.3/mcpu-430x/mmpy-16\libcrt0.a(_endless_loop__.o)
                0x0000447a                _endless_loop__
 *(.fini .fini.*)
                0x00004480                . = ALIGN (0x2)
                0x00004480                __ctors_start = .
 *(.ctors)
                0x00004480                __ctors_end = .
                0x00004480                __dtors_start = .
 *(.dtors)
                0x00004480                __dtors_end = .
                0x00004480                . = ALIGN (0x2)
 *(.text .text.* .gnu.linkonce.t.*)
 .text          0x00004480        0x4 c:/cygwin/cygwin/opt/msp430/bin/../lib/gcc/msp430/4.6.3/mcpu-430x/mmpy-16/crt0ivtbl64.o
                0x00004480                __isr_37
                0x00004480                __isr_47
                0x00004480                __isr_51
                0x00004480                __isr_57
                0x00004480                __isr_33
                0x00004480                __isr_32
                0x00004480                __isr_54
                0x00004480                __isr_42
                0x00004480                __isr_49
                0x00004480                __isr_59
                0x00004480                __isr_39
                0x00004480                __isr_46
                0x00004480                __isr_41
                0x00004480                __isr_60
                0x00004480                __isr_36
                0x00004480                __isr_34
                0x00004480                __isr_44
                0x00004480                __isr_61
                0x00004480                __isr_48
                0x00004480                __isr_55
                0x00004480                __isr_43
                0x00004480                __isr_50
                0x00004480                __isr_56
                0x00004480                __isr_38
                0x00004480                __isr_35
                0x00004480                __isr_45
                0x00004480                __isr_58
                0x00004480                __isr_62
                0x00004480                __isr_52
                0x00004480                __isr_40
 .text.crt0     0x00004484        0x0 c:/cygwin/cygwin/opt/msp430/bin/../lib/gcc/msp430/4.6.3/mcpu-430x/mmpy-16/crt0ivtbl64.o
 .text          0x00004484       0xc2 main.o
                0x00004484                __isr_53
                0x00004484                Timer_A
                0x000044cc                board_init
 .text          0x00004546        0x0 c:/cygwin/cygwin/opt/msp430/bin/../lib/gcc/msp430/4.6.3/mcpu-430x/mmpy-16\libcrt0.a(_reset_vector__.o)
 .text          0x00004546        0x0 c:/cygwin/cygwin/opt/msp430/bin/../lib/gcc/msp430/4.6.3/mcpu-430x/mmpy-16\libcrt0.a(__watchdog_support.o)
 .text          0x00004546        0x0 c:/cygwin/cygwin/opt/msp430/bin/../lib/gcc/msp430/4.6.3/mcpu-430x/mmpy-16\libcrt0.a(__init_stack.o)
 .text          0x00004546        0x0 c:/cygwin/cygwin/opt/msp430/bin/../lib/gcc/msp430/4.6.3/mcpu-430x/mmpy-16\libcrt0.a(__low_level_init.o)
 .text          0x00004546        0x0 c:/cygwin/cygwin/opt/msp430/bin/../lib/gcc/msp430/4.6.3/mcpu-430x/mmpy-16\libcrt0.a(_copy_data.o)
 .text          0x00004546        0x0 c:/cygwin/cygwin/opt/msp430/bin/../lib/gcc/msp430/4.6.3/mcpu-430x/mmpy-16\libcrt0.a(_clear_bss.o)
 .text          0x00004546        0x0 c:/cygwin/cygwin/opt/msp430/bin/../lib/gcc/msp430/4.6.3/mcpu-430x/mmpy-16\libcrt0.a(__stop_progExec__.o)
 .text          0x00004546        0x0 c:/cygwin/cygwin/opt/msp430/bin/../lib/gcc/msp430/4.6.3/mcpu-430x/mmpy-16\libcrt0.a(_endless_loop__.o)
 .text          0x00004546        0x0 c:/cygwin/cygwin/opt/msp430/bin/../lib/gcc/msp430/4.6.3/mcpu-430x/mmpy-16\libcrt0.a(_unexpected_.o)
 .text.crt0     0x00004546        0x2 c:/cygwin/cygwin/opt/msp430/bin/../lib/gcc/msp430/4.6.3/mcpu-430x/mmpy-16\libcrt0.a(_unexpected_.o)
                0x00004546                _unexpected_
                0x00004548                . = ALIGN (0x2)

.rodata         0x00004548        0x0
                0x00004548                . = ALIGN (0x2)
 *(.rodata .rodata.* .gnu.linkonce.r.*)
                0x00004548                . = ALIGN (0x2)
                0x00004548                _etext = .

.data           0x00001c00        0x0 load address 0x00004548
                0x00001c00                . = ALIGN (0x2)
                0x00001c00                PROVIDE (__data_start, .)
 *(.data .data.* .gnu.linkonce.d.*)
 .data          0x00001c00        0x0 c:/cygwin/cygwin/opt/msp430/bin/../lib/gcc/msp430/4.6.3/mcpu-430x/mmpy-16/crt0ivtbl64.o
 .data          0x00001c00        0x0 main.o
 .data          0x00001c00        0x0 c:/cygwin/cygwin/opt/msp430/bin/../lib/gcc/msp430/4.6.3/mcpu-430x/mmpy-16\libcrt0.a(_reset_vector__.o)
 .data          0x00001c00        0x0 c:/cygwin/cygwin/opt/msp430/bin/../lib/gcc/msp430/4.6.3/mcpu-430x/mmpy-16\libcrt0.a(__watchdog_support.o)
 .data          0x00001c00        0x0 c:/cygwin/cygwin/opt/msp430/bin/../lib/gcc/msp430/4.6.3/mcpu-430x/mmpy-16\libcrt0.a(__init_stack.o)
 .data          0x00001c00        0x0 c:/cygwin/cygwin/opt/msp430/bin/../lib/gcc/msp430/4.6.3/mcpu-430x/mmpy-16\libcrt0.a(__low_level_init.o)
 .data          0x00001c00        0x0 c:/cygwin/cygwin/opt/msp430/bin/../lib/gcc/msp430/4.6.3/mcpu-430x/mmpy-16\libcrt0.a(_copy_data.o)
 .data          0x00001c00        0x0 c:/cygwin/cygwin/opt/msp430/bin/../lib/gcc/msp430/4.6.3/mcpu-430x/mmpy-16\libcrt0.a(_clear_bss.o)
 .data          0x00001c00        0x0 c:/cygwin/cygwin/opt/msp430/bin/../lib/gcc/msp430/4.6.3/mcpu-430x/mmpy-16\libcrt0.a(__stop_progExec__.o)
 .data          0x00001c00        0x0 c:/cygwin/cygwin/opt/msp430/bin/../lib/gcc/msp430/4.6.3/mcpu-430x/mmpy-16\libcrt0.a(_endless_loop__.o)
 .data          0x00001c00        0x0 c:/cygwin/cygwin/opt/msp430/bin/../lib/gcc/msp430/4.6.3/mcpu-430x/mmpy-16\libcrt0.a(_unexpected_.o)
                0x00001c00                . = ALIGN (0x2)
                0x00001c00                _edata = .
                0x00004548                PROVIDE (__data_load_start, LOADADDR (.data))
                0x00000000                PROVIDE (__data_size, SIZEOF (.data))

.bss            0x00001c00        0x6 load address 0x00004548
                0x00001c00                PROVIDE (__bss_start, .)
 *(.bss .bss.*)
 .bss           0x00001c00        0x0 c:/cygwin/cygwin/opt/msp430/bin/../lib/gcc/msp430/4.6.3/mcpu-430x/mmpy-16/crt0ivtbl64.o
 .bss           0x00001c00        0x6 main.o
                0x00001c00                blink
                0x00001c02                count
                0x00001c04                timer_counter
 .bss           0x00001c06        0x0 c:/cygwin/cygwin/opt/msp430/bin/../lib/gcc/msp430/4.6.3/mcpu-430x/mmpy-16\libcrt0.a(_reset_vector__.o)
 .bss           0x00001c06        0x0 c:/cygwin/cygwin/opt/msp430/bin/../lib/gcc/msp430/4.6.3/mcpu-430x/mmpy-16\libcrt0.a(__watchdog_support.o)
 .bss           0x00001c06        0x0 c:/cygwin/cygwin/opt/msp430/bin/../lib/gcc/msp430/4.6.3/mcpu-430x/mmpy-16\libcrt0.a(__init_stack.o)
 .bss           0x00001c06        0x0 c:/cygwin/cygwin/opt/msp430/bin/../lib/gcc/msp430/4.6.3/mcpu-430x/mmpy-16\libcrt0.a(__low_level_init.o)
 .bss           0x00001c06        0x0 c:/cygwin/cygwin/opt/msp430/bin/../lib/gcc/msp430/4.6.3/mcpu-430x/mmpy-16\libcrt0.a(_copy_data.o)
 .bss           0x00001c06        0x0 c:/cygwin/cygwin/opt/msp430/bin/../lib/gcc/msp430/4.6.3/mcpu-430x/mmpy-16\libcrt0.a(_clear_bss.o)
 .bss           0x00001c06        0x0 c:/cygwin/cygwin/opt/msp430/bin/../lib/gcc/msp430/4.6.3/mcpu-430x/mmpy-16\libcrt0.a(__stop_progExec__.o)
 .bss           0x00001c06        0x0 c:/cygwin/cygwin/opt/msp430/bin/../lib/gcc/msp430/4.6.3/mcpu-430x/mmpy-16\libcrt0.a(_endless_loop__.o)
 .bss           0x00001c06        0x0 c:/cygwin/cygwin/opt/msp430/bin/../lib/gcc/msp430/4.6.3/mcpu-430x/mmpy-16\libcrt0.a(_unexpected_.o)
 *(COMMON)
                0x00001c06                . = ALIGN (0x2)
                0x00001c06                PROVIDE (__bss_end, .)
                0x00000006                PROVIDE (__bss_size, SIZEOF (.bss))

.noinit         0x00001c06        0x2 load address 0x00004548
                0x00001c06                PROVIDE (__noinit_start, .)
 *(.noinit .noinit.*)
 .noinit.crt0   0x00001c06        0x2 c:/cygwin/cygwin/opt/msp430/bin/../lib/gcc/msp430/4.6.3/mcpu-430x/mmpy-16\libcrt0.a(__watchdog_support.o)
                0x00001c06                __wdt_clear_value
                0x00001c08                . = ALIGN (0x2)
                0x00001c08                PROVIDE (__noinit_end, .)
                0x00001c08                . = ALIGN (0x2)
                0x00001c08                _end = .

.infomem        0x00001800        0x0
 *(.infomem)
                0x00001800                . = ALIGN (0x2)
 *(.infomem.*)

.infomemnobits  0x00001800        0x0
 *(.infomemnobits)
                0x00001800                . = ALIGN (0x2)
 *(.infomemnobits.*)

.infoa
 *(.infoa .infoa.*)

.infob
 *(.infob .infob.*)

.infoc
 *(.infoc .infoc.*)

.infod
 *(.infod .infod.*)

.vectors        0x0000ff80       0x80
                0x0000ff80                PROVIDE (__vectors_start, .)
 *(.vectors*)
 .vectors       0x0000ff80       0x80 c:/cygwin/cygwin/opt/msp430/bin/../lib/gcc/msp430/4.6.3/mcpu-430x/mmpy-16/crt0ivtbl64.o
                0x0000ff80                __ivtbl_64
                0x00010000                _vectors_end = .

.fartext        0x00010000        0x0
                0x00010000                . = ALIGN (0x2)
 *(.fartext)
                0x00010000                . = ALIGN (0x2)
 *(.fartext.*)
                0x00010000                _efartext = .

.profiler
 *(.profiler)

.stab
 *(.stab)

.stabstr
 *(.stabstr)

.stab.excl
 *(.stab.excl)

.stab.exclstr
 *(.stab.exclstr)

.stab.index
 *(.stab.index)

.stab.indexstr
 *(.stab.indexstr)

.comment
 *(.comment)

.debug
 *(.debug)

.line
 *(.line)

.debug_srcinfo
 *(.debug_srcinfo)

.debug_sfnames
 *(.debug_sfnames)

.debug_aranges  0x00000000       0x90
 *(.debug_aranges)
 .debug_aranges
                0x00000000       0x18 main.o
 .debug_aranges
                0x00000018       0x14 c:/cygwin/cygwin/opt/msp430/bin/../lib/gcc/msp430/4.6.3/mcpu-430x/mmpy-16\libcrt0.a(__watchdog_support.o)
 .debug_aranges
                0x0000002c       0x14 c:/cygwin/cygwin/opt/msp430/bin/../lib/gcc/msp430/4.6.3/mcpu-430x/mmpy-16\libcrt0.a(__init_stack.o)
 .debug_aranges
                0x00000040       0x14 c:/cygwin/cygwin/opt/msp430/bin/../lib/gcc/msp430/4.6.3/mcpu-430x/mmpy-16\libcrt0.a(_copy_data.o)
 .debug_aranges
                0x00000054       0x14 c:/cygwin/cygwin/opt/msp430/bin/../lib/gcc/msp430/4.6.3/mcpu-430x/mmpy-16\libcrt0.a(_clear_bss.o)
 .debug_aranges
                0x00000068       0x14 c:/cygwin/cygwin/opt/msp430/bin/../lib/gcc/msp430/4.6.3/mcpu-430x/mmpy-16\libcrt0.a(_endless_loop__.o)
 .debug_aranges
                0x0000007c       0x14 c:/cygwin/cygwin/opt/msp430/bin/../lib/gcc/msp430/4.6.3/mcpu-430x/mmpy-16\libcrt0.a(_unexpected_.o)

.debug_pubnames
 *(.debug_pubnames)

.debug_info     0x00000000      0x55f
 *(.debug_info)
 .debug_info    0x00000000      0x2a7 main.o
 .debug_info    0x000002a7       0x74 c:/cygwin/cygwin/opt/msp430/bin/../lib/gcc/msp430/4.6.3/mcpu-430x/mmpy-16\libcrt0.a(__watchdog_support.o)
 .debug_info    0x0000031b       0x74 c:/cygwin/cygwin/opt/msp430/bin/../lib/gcc/msp430/4.6.3/mcpu-430x/mmpy-16\libcrt0.a(__init_stack.o)
 .debug_info    0x0000038f       0x74 c:/cygwin/cygwin/opt/msp430/bin/../lib/gcc/msp430/4.6.3/mcpu-430x/mmpy-16\libcrt0.a(_copy_data.o)
 .debug_info    0x00000403       0x74 c:/cygwin/cygwin/opt/msp430/bin/../lib/gcc/msp430/4.6.3/mcpu-430x/mmpy-16\libcrt0.a(_clear_bss.o)
 .debug_info    0x00000477       0x74 c:/cygwin/cygwin/opt/msp430/bin/../lib/gcc/msp430/4.6.3/mcpu-430x/mmpy-16\libcrt0.a(_endless_loop__.o)
 .debug_info    0x000004eb       0x74 c:/cygwin/cygwin/opt/msp430/bin/../lib/gcc/msp430/4.6.3/mcpu-430x/mmpy-16\libcrt0.a(_unexpected_.o)
 *(.gnu.linkonce.wi.*)

.debug_abbrev   0x00000000      0x109
 *(.debug_abbrev)
 .debug_abbrev  0x00000000       0x91 main.o
 .debug_abbrev  0x00000091       0x14 c:/cygwin/cygwin/opt/msp430/bin/../lib/gcc/msp430/4.6.3/mcpu-430x/mmpy-16\libcrt0.a(__watchdog_support.o)
 .debug_abbrev  0x000000a5       0x14 c:/cygwin/cygwin/opt/msp430/bin/../lib/gcc/msp430/4.6.3/mcpu-430x/mmpy-16\libcrt0.a(__init_stack.o)
 .debug_abbrev  0x000000b9       0x14 c:/cygwin/cygwin/opt/msp430/bin/../lib/gcc/msp430/4.6.3/mcpu-430x/mmpy-16\libcrt0.a(_copy_data.o)
 .debug_abbrev  0x000000cd       0x14 c:/cygwin/cygwin/opt/msp430/bin/../lib/gcc/msp430/4.6.3/mcpu-430x/mmpy-16\libcrt0.a(_clear_bss.o)
 .debug_abbrev  0x000000e1       0x14 c:/cygwin/cygwin/opt/msp430/bin/../lib/gcc/msp430/4.6.3/mcpu-430x/mmpy-16\libcrt0.a(_endless_loop__.o)
 .debug_abbrev  0x000000f5       0x14 c:/cygwin/cygwin/opt/msp430/bin/../lib/gcc/msp430/4.6.3/mcpu-430x/mmpy-16\libcrt0.a(_unexpected_.o)

.debug_line     0x00000000      0x307
 *(.debug_line)
 .debug_line    0x00000000       0xdc main.o
 .debug_line    0x000000dc       0x5c c:/cygwin/cygwin/opt/msp430/bin/../lib/gcc/msp430/4.6.3/mcpu-430x/mmpy-16\libcrt0.a(__watchdog_support.o)
 .debug_line    0x00000138       0x5a c:/cygwin/cygwin/opt/msp430/bin/../lib/gcc/msp430/4.6.3/mcpu-430x/mmpy-16\libcrt0.a(__init_stack.o)
 .debug_line    0x00000192       0x60 c:/cygwin/cygwin/opt/msp430/bin/../lib/gcc/msp430/4.6.3/mcpu-430x/mmpy-16\libcrt0.a(_copy_data.o)
 .debug_line    0x000001f2       0x60 c:/cygwin/cygwin/opt/msp430/bin/../lib/gcc/msp430/4.6.3/mcpu-430x/mmpy-16\libcrt0.a(_clear_bss.o)
 .debug_line    0x00000252       0x5b c:/cygwin/cygwin/opt/msp430/bin/../lib/gcc/msp430/4.6.3/mcpu-430x/mmpy-16\libcrt0.a(_endless_loop__.o)
 .debug_line    0x000002ad       0x5a c:/cygwin/cygwin/opt/msp430/bin/../lib/gcc/msp430/4.6.3/mcpu-430x/mmpy-16\libcrt0.a(_unexpected_.o)

.debug_frame    0x00000000       0x58
 *(.debug_frame)
 .debug_frame   0x00000000       0x58 main.o

.debug_str      0x00000000      0x1cf
 *(.debug_str)
 .debug_str     0x00000000      0x1cf main.o
                                0x2c6 (size before relaxing)

.debug_loc      0x00000000       0x6c
 *(.debug_loc)
 .debug_loc     0x00000000       0x6c main.o

.debug_macinfo
 *(.debug_macinfo)

.debug_pubtypes
 *(.debug_pubtypes)

.debug_ranges   0x00000000        0xc
 *(.debug_ranges)
 .debug_ranges  0x00000000        0xc main.o
                0x00002400                PROVIDE (__stack, (ORIGIN (ram) + 0x800))
                0x00004548                PROVIDE (__data_start_rom, _etext)
                0x00004548                PROVIDE (__data_end_rom, (_etext + SIZEOF (.data)))
OUTPUT(out.elf elf32-msp430)
